[INFO] Scanning for projects...
[INFO] 
[INFO] ---------------< com.neusoft.neu23:diagnosis-ai-service >---------------
[INFO] Building diagnosis-ai-service 1.0-SNAPSHOT
[INFO]   from pom.xml
[INFO] --------------------------------[ jar ]---------------------------------
[INFO] 
[INFO] >>> spring-boot:3.3.5:run (default-cli) > test-compile @ diagnosis-ai-service >>>
[INFO] 
[INFO] --- resources:3.3.1:resources (default-resources) @ diagnosis-ai-service ---
[INFO] Copying 1 resource from src/main/resources to target/classes
[INFO] Copying 0 resource from src/main/resources to target/classes
[INFO] 
[INFO] --- compiler:3.11.0:compile (default-compile) @ diagnosis-ai-service ---
[INFO] Nothing to compile - all classes are up to date
[INFO] 
[INFO] --- resources:3.3.1:testResources (default-testResources) @ diagnosis-ai-service ---
[INFO] skip non existing resourceDirectory /Users/leon/Desktop/code/javaProject/StellarMed/diagnosis-ai-service/src/test/resources
[INFO] 
[INFO] --- compiler:3.11.0:testCompile (default-testCompile) @ diagnosis-ai-service ---
[INFO] Nothing to compile - all classes are up to date
[INFO] 
[INFO] <<< spring-boot:3.3.5:run (default-cli) < test-compile @ diagnosis-ai-service <<<
[INFO] 
[INFO] 
[INFO] --- spring-boot:3.3.5:run (default-cli) @ diagnosis-ai-service ---
[INFO] Attaching agents: []

  .   ____          _            __ _ _
 /\\ / ___'_ __ _ _(_)_ __  __ _ \ \ \ \
( ( )\___ | '_ | '_| | '_ \/ _` | \ \ \ \
 \\/  ___)| |_)| | | | | || (_| |  ) ) ) )
  '  |____| .__|_| |_|_| |_\__, | / / / /
 =========|_|==============|___/=/_/_/_/

 :: Spring Boot ::                (v3.3.5)

2025-11-24T16:59:13.073+08:00  INFO 69343 --- [diagnosis-ai-service] [  restartedMain] c.a.d.DiagnosisAiServiceApplication      : Starting DiagnosisAiServiceApplication using Java 17.0.17 with PID 69343 (/Users/leon/Desktop/code/javaProject/StellarMed/diagnosis-ai-service/target/classes started by leon in /Users/leon/Desktop/code/javaProject/StellarMed/diagnosis-ai-service)
2025-11-24T16:59:13.074+08:00 DEBUG 69343 --- [diagnosis-ai-service] [  restartedMain] c.a.d.DiagnosisAiServiceApplication      : Running with Spring Boot v3.3.5, Spring v6.1.14
2025-11-24T16:59:13.074+08:00  INFO 69343 --- [diagnosis-ai-service] [  restartedMain] c.a.d.DiagnosisAiServiceApplication      : No active profile set, falling back to 1 default profile: "default"
2025-11-24T16:59:13.092+08:00  INFO 69343 --- [diagnosis-ai-service] [  restartedMain] .e.DevToolsPropertyDefaultsPostProcessor : Devtools property defaults active! Set 'spring.devtools.add-properties' to 'false' to disable
2025-11-24T16:59:13.092+08:00  INFO 69343 --- [diagnosis-ai-service] [  restartedMain] .e.DevToolsPropertyDefaultsPostProcessor : For additional web related logging consider setting the 'logging.level.web' property to 'DEBUG'
2025-11-24T16:59:13.509+08:00  INFO 69343 --- [diagnosis-ai-service] [  restartedMain] o.s.cloud.context.scope.GenericScope     : BeanFactory id=45d51145-0670-323d-93bd-9ce6b8e4cea7
2025-11-24T16:59:13.662+08:00  INFO 69343 --- [diagnosis-ai-service] [  restartedMain] o.s.b.w.embedded.tomcat.TomcatWebServer  : Tomcat initialized with port 8202 (http)
2025-11-24T16:59:13.667+08:00  INFO 69343 --- [diagnosis-ai-service] [  restartedMain] o.apache.catalina.core.StandardService   : Starting service [Tomcat]
2025-11-24T16:59:13.667+08:00  INFO 69343 --- [diagnosis-ai-service] [  restartedMain] o.apache.catalina.core.StandardEngine    : Starting Servlet engine: [Apache Tomcat/10.1.31]
2025-11-24T16:59:13.682+08:00  INFO 69343 --- [diagnosis-ai-service] [  restartedMain] o.a.c.c.C.[Tomcat].[localhost].[/]       : Initializing Spring embedded WebApplicationContext
2025-11-24T16:59:13.683+08:00  INFO 69343 --- [diagnosis-ai-service] [  restartedMain] w.s.c.ServletWebServerApplicationContext : Root WebApplicationContext: initialization completed in 589 ms
Logging initialized using 'class org.apache.ibatis.logging.stdout.StdOutImpl' adapter.
Get /172.22.91.239 network interface 
Get network interface info: name:en0 (en0)
Initialization Sequence datacenterId:4 workerId:27
 _ _   |_  _ _|_. ___ _ |    _ 
| | |\/|_)(_| | |_\  |_)||_|_\ 
     /               |         
                        3.5.10 
2025-11-24T16:59:14.188+08:00  WARN 69343 --- [diagnosis-ai-service] [  restartedMain] o.s.b.d.a.OptionalLiveReloadServer       : Unable to start LiveReload server
2025-11-24T16:59:14.196+08:00  INFO 69343 --- [diagnosis-ai-service] [  restartedMain] o.s.b.a.e.web.EndpointLinksResolver      : Exposing 1 endpoint beneath base path '/actuator'
2025-11-24T16:59:14.222+08:00  INFO 69343 --- [diagnosis-ai-service] [  restartedMain] o.s.b.w.embedded.tomcat.TomcatWebServer  : Tomcat started on port 8202 (http) with context path '/'
2025-11-24T16:59:14.227+08:00  INFO 69343 --- [diagnosis-ai-service] [  restartedMain] com.alibaba.nacos.client.naming          : initializer namespace from ans.namespace attribute : null
2025-11-24T16:59:14.228+08:00  INFO 69343 --- [diagnosis-ai-service] [  restartedMain] com.alibaba.nacos.client.naming          : initializer namespace from ALIBABA_ALIWARE_NAMESPACE attribute :null
2025-11-24T16:59:14.228+08:00  INFO 69343 --- [diagnosis-ai-service] [  restartedMain] com.alibaba.nacos.client.naming          : initializer namespace from namespace attribute :null
2025-11-24T16:59:14.231+08:00  INFO 69343 --- [diagnosis-ai-service] [  restartedMain] com.alibaba.nacos.client.naming          : FailoverDataSource type is class com.alibaba.nacos.client.naming.backups.datasource.DiskFailoverDataSource
2025-11-24T16:59:14.236+08:00  INFO 69343 --- [diagnosis-ai-service] [  restartedMain] c.alibaba.nacos.client.utils.ParamUtil   : [settings] [req-serv] nacos-server port:8848
2025-11-24T16:59:14.236+08:00  INFO 69343 --- [diagnosis-ai-service] [  restartedMain] c.alibaba.nacos.client.utils.ParamUtil   : [settings] [http-client] connect timeout:1000
2025-11-24T16:59:14.239+08:00  INFO 69343 --- [diagnosis-ai-service] [  restartedMain] c.alibaba.nacos.client.utils.ParamUtil   : PER_TASK_CONFIG_SIZE: 3000.0
2025-11-24T16:59:14.240+08:00  INFO 69343 --- [diagnosis-ai-service] [  restartedMain] c.a.n.p.a.s.c.ClientAuthPluginManager    : [ClientAuthPluginManager] Load ClientAuthService com.alibaba.nacos.client.auth.impl.NacosClientAuthServiceImpl success.
2025-11-24T16:59:14.240+08:00  INFO 69343 --- [diagnosis-ai-service] [  restartedMain] c.a.n.p.a.s.c.ClientAuthPluginManager    : [ClientAuthPluginManager] Load ClientAuthService com.alibaba.nacos.client.auth.ram.RamClientAuthServiceImpl success.
2025-11-24T16:59:14.243+08:00  INFO 69343 --- [diagnosis-ai-service] [      Thread-13] c.a.n.c.a.r.identify.CredentialWatcher   : null No credential found
2025-11-24T16:59:14.246+08:00  INFO 69343 --- [diagnosis-ai-service] [  restartedMain] com.alibaba.nacos.common.remote.client   : [RpcClientFactory] create a new rpc client of e404d097-8b22-4084-8f3b-ceb0bc8195d9
2025-11-24T16:59:14.252+08:00  INFO 69343 --- [diagnosis-ai-service] [  restartedMain] com.alibaba.nacos.client.naming          : Create naming rpc client for uuid->e404d097-8b22-4084-8f3b-ceb0bc8195d9
2025-11-24T16:59:14.252+08:00  INFO 69343 --- [diagnosis-ai-service] [  restartedMain] com.alibaba.nacos.common.remote.client   : [e404d097-8b22-4084-8f3b-ceb0bc8195d9] RpcClient init, ServerListFactory = com.alibaba.nacos.client.naming.core.ServerListManager
2025-11-24T16:59:14.252+08:00  INFO 69343 --- [diagnosis-ai-service] [  restartedMain] com.alibaba.nacos.common.remote.client   : [e404d097-8b22-4084-8f3b-ceb0bc8195d9] Registry connection listener to current client:com.alibaba.nacos.client.naming.remote.gprc.redo.NamingGrpcRedoService
2025-11-24T16:59:14.252+08:00  INFO 69343 --- [diagnosis-ai-service] [  restartedMain] com.alibaba.nacos.common.remote.client   : [e404d097-8b22-4084-8f3b-ceb0bc8195d9] Register server push request handler:com.alibaba.nacos.client.naming.remote.gprc.NamingPushRequestHandler
2025-11-24T16:59:14.253+08:00  INFO 69343 --- [diagnosis-ai-service] [  restartedMain] com.alibaba.nacos.common.remote.client   : [e404d097-8b22-4084-8f3b-ceb0bc8195d9] Try to connect to server on start up, server: {serverIp = 'localhost', server main port = 8848}
2025-11-24T16:59:14.263+08:00  INFO 69343 --- [diagnosis-ai-service] [  restartedMain] c.a.n.c.remote.client.grpc.GrpcClient    : grpc client connection server:localhost ip,serverPort:9848,grpcTslConfig:{"sslProvider":"","enableTls":false,"mutualAuthEnable":false,"trustAll":false}
2025-11-24T16:59:14.436+08:00  INFO 69343 --- [diagnosis-ai-service] [  restartedMain] c.a.n.c.a.AbstractAbilityControlManager  : Ready to get current node abilities...
2025-11-24T16:59:14.437+08:00  INFO 69343 --- [diagnosis-ai-service] [  restartedMain] c.a.n.c.a.AbstractAbilityControlManager  : Ready to initialize current node abilities, support modes: [SDK_CLIENT]
2025-11-24T16:59:14.437+08:00  INFO 69343 --- [diagnosis-ai-service] [  restartedMain] c.a.n.c.a.AbstractAbilityControlManager  : Initialize current abilities finish...
2025-11-24T16:59:14.437+08:00  INFO 69343 --- [diagnosis-ai-service] [  restartedMain] c.a.n.c.a.d.NacosAbilityManagerHolder    : [AbilityControlManager] Successfully initialize AbilityControlManager
2025-11-24T16:59:14.446+08:00  INFO 69343 --- [diagnosis-ai-service] [  restartedMain] com.alibaba.nacos.common.remote.client   : [e404d097-8b22-4084-8f3b-ceb0bc8195d9] Success to connect to server [localhost:8848] on start up, connectionId = 1763974754409_127.0.0.1_56290
2025-11-24T16:59:14.446+08:00  INFO 69343 --- [diagnosis-ai-service] [remote.worker.0] com.alibaba.nacos.common.remote.client   : [e404d097-8b22-4084-8f3b-ceb0bc8195d9] Notify connected event to listeners.
2025-11-24T16:59:14.446+08:00  INFO 69343 --- [diagnosis-ai-service] [remote.worker.0] com.alibaba.nacos.client.naming          : Grpc connection connect
2025-11-24T16:59:14.446+08:00  INFO 69343 --- [diagnosis-ai-service] [  restartedMain] com.alibaba.nacos.common.remote.client   : [e404d097-8b22-4084-8f3b-ceb0bc8195d9] Register server push request handler:com.alibaba.nacos.common.remote.client.RpcClient$ConnectResetRequestHandler
2025-11-24T16:59:14.447+08:00  INFO 69343 --- [diagnosis-ai-service] [  restartedMain] com.alibaba.nacos.common.remote.client   : [e404d097-8b22-4084-8f3b-ceb0bc8195d9] Register server push request handler:com.alibaba.nacos.common.remote.client.RpcClient$$Lambda$1374/0x00000070017f5f00
2025-11-24T16:59:14.447+08:00  INFO 69343 --- [diagnosis-ai-service] [  restartedMain] com.alibaba.nacos.client.naming          : [REGISTER-SERVICE] public registering service diagnosis-ai-service with instance Instance{instanceId='null', ip='172.22.91.239', port=8202, weight=1.0, healthy=true, enabled=true, ephemeral=true, clusterName='', serviceName='null', metadata={IPv6=[2001:da8:9000:a835:b41a:279:9317:b0d9], preserved.register.source=SPRING_CLOUD}}
2025-11-24T16:59:14.453+08:00  INFO 69343 --- [diagnosis-ai-service] [  restartedMain] c.a.c.n.registry.NacosServiceRegistry    : nacos registry, DEFAULT_GROUP diagnosis-ai-service 172.22.91.239:8202 register finished
2025-11-24T16:59:14.463+08:00  INFO 69343 --- [diagnosis-ai-service] [  restartedMain] c.a.d.DiagnosisAiServiceApplication      : Started DiagnosisAiServiceApplication in 1.533 seconds (process running for 1.673)
