[INFO] Scanning for projects...
[INFO] 
[INFO] -----------------< com.neusoft.neu23:patient-service >------------------
[INFO] Building patient-service 1.0-SNAPSHOT
[INFO]   from pom.xml
[INFO] --------------------------------[ jar ]---------------------------------
[INFO] 
[INFO] >>> spring-boot:3.3.5:run (default-cli) > test-compile @ patient-service >>>
[INFO] 
[INFO] --- resources:3.3.1:resources (default-resources) @ patient-service ---
[INFO] Copying 1 resource from src/main/resources to target/classes
[INFO] Copying 0 resource from src/main/resources to target/classes
[INFO] 
[INFO] --- compiler:3.11.0:compile (default-compile) @ patient-service ---
[INFO] Nothing to compile - all classes are up to date
[INFO] 
[INFO] --- resources:3.3.1:testResources (default-testResources) @ patient-service ---
[INFO] skip non existing resourceDirectory /Users/leon/Desktop/code/javaProject/StellarMed/patient-service/src/test/resources
[INFO] 
[INFO] --- compiler:3.11.0:testCompile (default-testCompile) @ patient-service ---
[INFO] No sources to compile
[INFO] 
[INFO] <<< spring-boot:3.3.5:run (default-cli) < test-compile @ patient-service <<<
[INFO] 
[INFO] 
[INFO] --- spring-boot:3.3.5:run (default-cli) @ patient-service ---
[INFO] Attaching agents: []

  .   ____          _            __ _ _
 /\\ / ___'_ __ _ _(_)_ __  __ _ \ \ \ \
( ( )\___ | '_ | '_| | '_ \/ _` | \ \ \ \
 \\/  ___)| |_)| | | | | || (_| |  ) ) ) )
  '  |____| .__|_| |_|_| |_\__, | / / / /
 =========|_|==============|___/=/_/_/_/

 :: Spring Boot ::                (v3.3.5)

2025-11-24T16:15:56.113+08:00  INFO 63948 --- [patient-service] [  restartedMain] c.a.patient.PatientServiceApplication    : Starting PatientServiceApplication using Java 17.0.17 with PID 63948 (/Users/leon/Desktop/code/javaProject/StellarMed/patient-service/target/classes started by leon in /Users/leon/Desktop/code/javaProject/StellarMed/patient-service)
2025-11-24T16:15:56.114+08:00 DEBUG 63948 --- [patient-service] [  restartedMain] c.a.patient.PatientServiceApplication    : Running with Spring Boot v3.3.5, Spring v6.1.14
2025-11-24T16:15:56.115+08:00  INFO 63948 --- [patient-service] [  restartedMain] c.a.patient.PatientServiceApplication    : No active profile set, falling back to 1 default profile: "default"
2025-11-24T16:15:56.133+08:00  INFO 63948 --- [patient-service] [  restartedMain] .e.DevToolsPropertyDefaultsPostProcessor : Devtools property defaults active! Set 'spring.devtools.add-properties' to 'false' to disable
2025-11-24T16:15:56.133+08:00  INFO 63948 --- [patient-service] [  restartedMain] .e.DevToolsPropertyDefaultsPostProcessor : For additional web related logging consider setting the 'logging.level.web' property to 'DEBUG'
2025-11-24T16:15:56.345+08:00 DEBUG 63948 --- [patient-service] [  restartedMain] o.s.c.openfeign.FeignClientsRegistrar$1  : Identified candidate component class: file [/Users/leon/Desktop/code/javaProject/StellarMed/patient-service/target/classes/com/assist/patient/client/DiagnosisAiClient.class]
2025-11-24T16:15:56.345+08:00 DEBUG 63948 --- [patient-service] [  restartedMain] o.s.c.openfeign.FeignClientsRegistrar$1  : Identified candidate component class: file [/Users/leon/Desktop/code/javaProject/StellarMed/patient-service/target/classes/com/assist/patient/client/PrescriptionAiClient.class]
2025-11-24T16:15:56.345+08:00 DEBUG 63948 --- [patient-service] [  restartedMain] o.s.c.openfeign.FeignClientsRegistrar$1  : Identified candidate component class: file [/Users/leon/Desktop/code/javaProject/StellarMed/patient-service/target/classes/com/assist/patient/client/SummaryAiClient.class]
2025-11-24T16:15:56.345+08:00 DEBUG 63948 --- [patient-service] [  restartedMain] o.s.c.openfeign.FeignClientsRegistrar$1  : Identified candidate component class: file [/Users/leon/Desktop/code/javaProject/StellarMed/patient-service/target/classes/com/assist/patient/client/SymptomAiClient.class]
2025-11-24T16:15:56.345+08:00 DEBUG 63948 --- [patient-service] [  restartedMain] o.s.c.openfeign.FeignClientsRegistrar$1  : Identified candidate component class: file [/Users/leon/Desktop/code/javaProject/StellarMed/patient-service/target/classes/com/assist/patient/client/TestSuggestionAiClient.class]
2025-11-24T16:15:56.512+08:00  INFO 63948 --- [patient-service] [  restartedMain] o.s.cloud.context.scope.GenericScope     : BeanFactory id=a020821a-4eb7-305a-a50d-584a1807eeb0
2025-11-24T16:15:56.576+08:00  WARN 63948 --- [patient-service] [  restartedMain] trationDelegate$BeanPostProcessorChecker : Bean 'org.springframework.cloud.client.loadbalancer.LoadBalancerAutoConfiguration$DeferringLoadBalancerInterceptorConfig' of type [org.springframework.cloud.client.loadbalancer.LoadBalancerAutoConfiguration$DeferringLoadBalancerInterceptorConfig] is not eligible for getting processed by all BeanPostProcessors (for example: not eligible for auto-proxying). The currently created BeanPostProcessor [lbRestClientPostProcessor] is declared through a non-static factory method on that class; consider declaring it as static instead.
2025-11-24T16:15:56.577+08:00  WARN 63948 --- [patient-service] [  restartedMain] trationDelegate$BeanPostProcessorChecker : Bean 'deferringLoadBalancerInterceptor' of type [org.springframework.cloud.client.loadbalancer.DeferringLoadBalancerInterceptor] is not eligible for getting processed by all BeanPostProcessors (for example: not eligible for auto-proxying). Is this bean getting eagerly injected/applied to a currently created BeanPostProcessor [lbRestClientPostProcessor]? Check the corresponding BeanPostProcessor declaration and its dependencies/advisors. If this bean does not have to be post-processed, declare it with ROLE_INFRASTRUCTURE.
2025-11-24T16:15:56.578+08:00  WARN 63948 --- [patient-service] [  restartedMain] trationDelegate$BeanPostProcessorChecker : Bean 'org.springframework.cloud.client.loadbalancer.reactive.LoadBalancerBeanPostProcessorAutoConfiguration' of type [org.springframework.cloud.client.loadbalancer.reactive.LoadBalancerBeanPostProcessorAutoConfiguration] is not eligible for getting processed by all BeanPostProcessors (for example: not eligible for auto-proxying). The currently created BeanPostProcessor [loadBalancerWebClientBuilderBeanPostProcessor] is declared through a non-static factory method on that class; consider declaring it as static instead.
2025-11-24T16:15:56.578+08:00  WARN 63948 --- [patient-service] [  restartedMain] trationDelegate$BeanPostProcessorChecker : Bean 'org.springframework.cloud.client.loadbalancer.reactive.LoadBalancerBeanPostProcessorAutoConfiguration$ReactorDeferringLoadBalancerFilterConfig' of type [org.springframework.cloud.client.loadbalancer.reactive.LoadBalancerBeanPostProcessorAutoConfiguration$ReactorDeferringLoadBalancerFilterConfig] is not eligible for getting processed by all BeanPostProcessors (for example: not eligible for auto-proxying). Is this bean getting eagerly injected/applied to a currently created BeanPostProcessor [loadBalancerWebClientBuilderBeanPostProcessor]? Check the corresponding BeanPostProcessor declaration and its dependencies/advisors. If this bean does not have to be post-processed, declare it with ROLE_INFRASTRUCTURE.
2025-11-24T16:15:56.579+08:00  WARN 63948 --- [patient-service] [  restartedMain] trationDelegate$BeanPostProcessorChecker : Bean 'reactorDeferringLoadBalancerExchangeFilterFunction' of type [org.springframework.cloud.client.loadbalancer.reactive.DeferringLoadBalancerExchangeFilterFunction] is not eligible for getting processed by all BeanPostProcessors (for example: not eligible for auto-proxying). Is this bean getting eagerly injected/applied to a currently created BeanPostProcessor [loadBalancerWebClientBuilderBeanPostProcessor]? Check the corresponding BeanPostProcessor declaration and its dependencies/advisors. If this bean does not have to be post-processed, declare it with ROLE_INFRASTRUCTURE.
2025-11-24T16:15:56.719+08:00  INFO 63948 --- [patient-service] [  restartedMain] o.s.b.w.embedded.tomcat.TomcatWebServer  : Tomcat initialized with port 8101 (http)
2025-11-24T16:15:56.726+08:00  INFO 63948 --- [patient-service] [  restartedMain] o.apache.catalina.core.StandardService   : Starting service [Tomcat]
2025-11-24T16:15:56.726+08:00  INFO 63948 --- [patient-service] [  restartedMain] o.apache.catalina.core.StandardEngine    : Starting Servlet engine: [Apache Tomcat/10.1.31]
2025-11-24T16:15:56.745+08:00  INFO 63948 --- [patient-service] [  restartedMain] o.a.c.c.C.[Tomcat].[localhost].[/]       : Initializing Spring embedded WebApplicationContext
2025-11-24T16:15:56.746+08:00  INFO 63948 --- [patient-service] [  restartedMain] w.s.c.ServletWebServerApplicationContext : Root WebApplicationContext: initialization completed in 612 ms
Logging initialized using 'class org.apache.ibatis.logging.stdout.StdOutImpl' adapter.
Get /172.22.91.239 network interface 
Get network interface info: name:en0 (en0)
Initialization Sequence datacenterId:4 workerId:12
 _ _   |_  _ _|_. ___ _ |    _ 
| | |\/|_)(_| | |_\  |_)||_|_\ 
     /               |         
                        3.5.10 
Can not find table primary key in Class: "com.assist.common.entity.SymptomRecord".
2025-11-24T16:15:57.038+08:00  WARN 63948 --- [patient-service] [  restartedMain] c.b.m.core.injector.DefaultSqlInjector   : class com.assist.common.entity.SymptomRecord ,Not found @TableId annotation, Cannot use Mybatis-Plus 'xxById' Method.
2025-11-24T16:15:57.044+08:00 DEBUG 63948 --- [patient-service] [  restartedMain] o.s.c.openfeign.FeignClientFactoryBean   : Creating a FeignClientFactoryBean.
2025-11-24T16:15:57.080+08:00  INFO 63948 --- [patient-service] [  restartedMain] o.s.b.d.a.OptionalLiveReloadServer       : LiveReload server is running on port 35729
2025-11-24T16:15:57.086+08:00  INFO 63948 --- [patient-service] [  restartedMain] o.s.c.openfeign.FeignClientFactoryBean   : For 'symptom-ai-service' URL not provided. Will try picking an instance via load-balancing.
2025-11-24T16:15:57.097+08:00 DEBUG 63948 --- [patient-service] [  restartedMain] o.s.c.openfeign.FeignClientFactoryBean   : Creating a FeignClientFactoryBean.
2025-11-24T16:15:57.104+08:00  INFO 63948 --- [patient-service] [  restartedMain] o.s.c.openfeign.FeignClientFactoryBean   : For 'diagnosis-ai-service' URL not provided. Will try picking an instance via load-balancing.
2025-11-24T16:15:57.105+08:00 DEBUG 63948 --- [patient-service] [  restartedMain] o.s.c.openfeign.FeignClientFactoryBean   : Creating a FeignClientFactoryBean.
2025-11-24T16:15:57.111+08:00  INFO 63948 --- [patient-service] [  restartedMain] o.s.c.openfeign.FeignClientFactoryBean   : For 'test-suggestion-ai-service' URL not provided. Will try picking an instance via load-balancing.
2025-11-24T16:15:57.112+08:00 DEBUG 63948 --- [patient-service] [  restartedMain] o.s.c.openfeign.FeignClientFactoryBean   : Creating a FeignClientFactoryBean.
2025-11-24T16:15:57.118+08:00  INFO 63948 --- [patient-service] [  restartedMain] o.s.c.openfeign.FeignClientFactoryBean   : For 'summary-ai-service' URL not provided. Will try picking an instance via load-balancing.
2025-11-24T16:15:57.119+08:00 DEBUG 63948 --- [patient-service] [  restartedMain] o.s.c.openfeign.FeignClientFactoryBean   : Creating a FeignClientFactoryBean.
2025-11-24T16:15:57.126+08:00  INFO 63948 --- [patient-service] [  restartedMain] o.s.c.openfeign.FeignClientFactoryBean   : For 'prescription-ai-service' URL not provided. Will try picking an instance via load-balancing.
2025-11-24T16:15:57.261+08:00  WARN 63948 --- [patient-service] [  restartedMain] iguration$LoadBalancerCaffeineWarnLogger : Spring Cloud LoadBalancer is currently working with the default cache. While this cache implementation is useful for development and tests, it's recommended to use Caffeine cache in production.You can switch to using Caffeine cache, by adding it and org.springframework.cache.caffeine.CaffeineCacheManager to the classpath.
2025-11-24T16:15:57.275+08:00  INFO 63948 --- [patient-service] [  restartedMain] o.s.b.w.embedded.tomcat.TomcatWebServer  : Tomcat started on port 8101 (http) with context path '/'
2025-11-24T16:15:57.279+08:00  INFO 63948 --- [patient-service] [  restartedMain] com.alibaba.nacos.client.naming          : initializer namespace from ans.namespace attribute : null
2025-11-24T16:15:57.280+08:00  INFO 63948 --- [patient-service] [  restartedMain] com.alibaba.nacos.client.naming          : initializer namespace from ALIBABA_ALIWARE_NAMESPACE attribute :null
2025-11-24T16:15:57.280+08:00  INFO 63948 --- [patient-service] [  restartedMain] com.alibaba.nacos.client.naming          : initializer namespace from namespace attribute :null
2025-11-24T16:15:57.284+08:00  INFO 63948 --- [patient-service] [  restartedMain] com.alibaba.nacos.client.naming          : FailoverDataSource type is class com.alibaba.nacos.client.naming.backups.datasource.DiskFailoverDataSource
2025-11-24T16:15:57.288+08:00  INFO 63948 --- [patient-service] [  restartedMain] c.alibaba.nacos.client.utils.ParamUtil   : [settings] [req-serv] nacos-server port:8848
2025-11-24T16:15:57.288+08:00  INFO 63948 --- [patient-service] [  restartedMain] c.alibaba.nacos.client.utils.ParamUtil   : [settings] [http-client] connect timeout:1000
2025-11-24T16:15:57.288+08:00  INFO 63948 --- [patient-service] [  restartedMain] c.alibaba.nacos.client.utils.ParamUtil   : PER_TASK_CONFIG_SIZE: 3000.0
2025-11-24T16:15:57.289+08:00  INFO 63948 --- [patient-service] [  restartedMain] c.a.n.p.a.s.c.ClientAuthPluginManager    : [ClientAuthPluginManager] Load ClientAuthService com.alibaba.nacos.client.auth.impl.NacosClientAuthServiceImpl success.
2025-11-24T16:15:57.289+08:00  INFO 63948 --- [patient-service] [  restartedMain] c.a.n.p.a.s.c.ClientAuthPluginManager    : [ClientAuthPluginManager] Load ClientAuthService com.alibaba.nacos.client.auth.ram.RamClientAuthServiceImpl success.
2025-11-24T16:15:57.297+08:00  INFO 63948 --- [patient-service] [      Thread-15] c.a.n.c.a.r.identify.CredentialWatcher   : null No credential found
2025-11-24T16:15:57.303+08:00  INFO 63948 --- [patient-service] [  restartedMain] com.alibaba.nacos.common.remote.client   : [RpcClientFactory] create a new rpc client of 254125e9-f6b5-44f5-867e-04d397676f9a
2025-11-24T16:15:57.309+08:00  INFO 63948 --- [patient-service] [  restartedMain] com.alibaba.nacos.client.naming          : Create naming rpc client for uuid->254125e9-f6b5-44f5-867e-04d397676f9a
2025-11-24T16:15:57.309+08:00  INFO 63948 --- [patient-service] [  restartedMain] com.alibaba.nacos.common.remote.client   : [254125e9-f6b5-44f5-867e-04d397676f9a] RpcClient init, ServerListFactory = com.alibaba.nacos.client.naming.core.ServerListManager
2025-11-24T16:15:57.309+08:00  INFO 63948 --- [patient-service] [  restartedMain] com.alibaba.nacos.common.remote.client   : [254125e9-f6b5-44f5-867e-04d397676f9a] Registry connection listener to current client:com.alibaba.nacos.client.naming.remote.gprc.redo.NamingGrpcRedoService
2025-11-24T16:15:57.309+08:00  INFO 63948 --- [patient-service] [  restartedMain] com.alibaba.nacos.common.remote.client   : [254125e9-f6b5-44f5-867e-04d397676f9a] Register server push request handler:com.alibaba.nacos.client.naming.remote.gprc.NamingPushRequestHandler
2025-11-24T16:15:57.310+08:00  INFO 63948 --- [patient-service] [  restartedMain] com.alibaba.nacos.common.remote.client   : [254125e9-f6b5-44f5-867e-04d397676f9a] Try to connect to server on start up, server: {serverIp = 'localhost', server main port = 8848}
2025-11-24T16:15:57.323+08:00  INFO 63948 --- [patient-service] [  restartedMain] c.a.n.c.remote.client.grpc.GrpcClient    : grpc client connection server:localhost ip,serverPort:9848,grpcTslConfig:{"sslProvider":"","enableTls":false,"mutualAuthEnable":false,"trustAll":false}
2025-11-24T16:15:57.493+08:00  INFO 63948 --- [patient-service] [  restartedMain] c.a.n.c.a.AbstractAbilityControlManager  : Ready to get current node abilities...
2025-11-24T16:15:57.494+08:00  INFO 63948 --- [patient-service] [  restartedMain] c.a.n.c.a.AbstractAbilityControlManager  : Ready to initialize current node abilities, support modes: [SDK_CLIENT]
2025-11-24T16:15:57.494+08:00  INFO 63948 --- [patient-service] [  restartedMain] c.a.n.c.a.AbstractAbilityControlManager  : Initialize current abilities finish...
2025-11-24T16:15:57.494+08:00  INFO 63948 --- [patient-service] [  restartedMain] c.a.n.c.a.d.NacosAbilityManagerHolder    : [AbilityControlManager] Successfully initialize AbilityControlManager
2025-11-24T16:15:57.502+08:00  INFO 63948 --- [patient-service] [  restartedMain] com.alibaba.nacos.common.remote.client   : [254125e9-f6b5-44f5-867e-04d397676f9a] Success to connect to server [localhost:8848] on start up, connectionId = 1763972157465_127.0.0.1_62990
2025-11-24T16:15:57.503+08:00  INFO 63948 --- [patient-service] [remote.worker.0] com.alibaba.nacos.common.remote.client   : [254125e9-f6b5-44f5-867e-04d397676f9a] Notify connected event to listeners.
2025-11-24T16:15:57.503+08:00  INFO 63948 --- [patient-service] [remote.worker.0] com.alibaba.nacos.client.naming          : Grpc connection connect
2025-11-24T16:15:57.503+08:00  INFO 63948 --- [patient-service] [  restartedMain] com.alibaba.nacos.common.remote.client   : [254125e9-f6b5-44f5-867e-04d397676f9a] Register server push request handler:com.alibaba.nacos.common.remote.client.RpcClient$ConnectResetRequestHandler
2025-11-24T16:15:57.503+08:00  INFO 63948 --- [patient-service] [  restartedMain] com.alibaba.nacos.common.remote.client   : [254125e9-f6b5-44f5-867e-04d397676f9a] Register server push request handler:com.alibaba.nacos.common.remote.client.RpcClient$$Lambda$1231/0x000000d0017cbfc0
2025-11-24T16:15:57.503+08:00  INFO 63948 --- [patient-service] [  restartedMain] com.alibaba.nacos.client.naming          : [REGISTER-SERVICE] public registering service patient-service with instance Instance{instanceId='null', ip='172.22.91.239', port=8101, weight=1.0, healthy=true, enabled=true, ephemeral=true, clusterName='', serviceName='null', metadata={IPv6=[2001:da8:9000:a835:b41a:279:9317:b0d9], preserved.register.source=SPRING_CLOUD}}
2025-11-24T16:15:57.511+08:00  INFO 63948 --- [patient-service] [  restartedMain] c.a.c.n.registry.NacosServiceRegistry    : nacos registry, DEFAULT_GROUP patient-service 172.22.91.239:8101 register finished
2025-11-24T16:15:57.518+08:00  INFO 63948 --- [patient-service] [  restartedMain] c.a.patient.PatientServiceApplication    : Started PatientServiceApplication in 1.562 seconds (process running for 1.728)
2025-11-24T16:29:12.723+08:00  INFO 63948 --- [patient-service] [nio-8101-exec-1] o.a.c.c.C.[Tomcat].[localhost].[/]       : Initializing Spring DispatcherServlet 'dispatcherServlet'
2025-11-24T16:29:12.724+08:00  INFO 63948 --- [patient-service] [nio-8101-exec-1] o.s.web.servlet.DispatcherServlet        : Initializing Servlet 'dispatcherServlet'
2025-11-24T16:29:12.727+08:00  INFO 63948 --- [patient-service] [nio-8101-exec-1] o.s.web.servlet.DispatcherServlet        : Completed initialization in 3 ms
2025-11-24T16:29:12.755+08:00  INFO 63948 --- [patient-service] [nio-8101-exec-1] c.a.p.service.impl.SessionServiceImpl    : 创建会话前，sessionId: null
Creating a new SqlSession
SqlSession [org.apache.ibatis.session.defaults.DefaultSqlSession@22e40bca] was not registered for synchronization because synchronization is not active
2025-11-24T16:29:12.826+08:00  INFO 63948 --- [patient-service] [nio-8101-exec-1] com.alibaba.druid.pool.DruidDataSource   : {dataSource-1} inited
JDBC Connection [com.mysql.cj.jdbc.ConnectionImpl@69ce6cfa] will not be managed by Spring
==>  Preparing: INSERT INTO session ( patient_id, created_time, status ) VALUES ( ?, ?, ? )
==> Parameters: 1(Integer), 2025-11-24 16:29:12.755(Timestamp), ACTIVE(String)
<==    Updates: 1
Closing non transactional SqlSession [org.apache.ibatis.session.defaults.DefaultSqlSession@22e40bca]
2025-11-24T16:29:20.174+08:00  INFO 63948 --- [patient-service] [nio-8101-exec-1] c.a.p.service.impl.SessionServiceImpl    : 插入会话结果: 1, 插入后 sessionId: 1007
2025-11-24T16:29:20.175+08:00  INFO 63948 --- [patient-service] [nio-8101-exec-1] c.a.p.service.impl.SessionServiceImpl    : 会话创建成功，sessionId: 1007, patientId: 1
2025-11-24T16:33:07.098+08:00  INFO 63948 --- [patient-service] [nio-8101-exec-3] c.a.p.service.impl.SessionServiceImpl    : 创建会话前，sessionId: null
Creating a new SqlSession
SqlSession [org.apache.ibatis.session.defaults.DefaultSqlSession@66f9917e] was not registered for synchronization because synchronization is not active
JDBC Connection [com.mysql.cj.jdbc.ConnectionImpl@69ce6cfa] will not be managed by Spring
==>  Preparing: INSERT INTO session ( patient_id, created_time, status ) VALUES ( ?, ?, ? )
==> Parameters: 1(Integer), 2025-11-24 16:33:07.098(Timestamp), ACTIVE(String)
<==    Updates: 1
Closing non transactional SqlSession [org.apache.ibatis.session.defaults.DefaultSqlSession@66f9917e]
2025-11-24T16:33:08.270+08:00  INFO 63948 --- [patient-service] [nio-8101-exec-3] c.a.p.service.impl.SessionServiceImpl    : 插入会话结果: 1, 插入后 sessionId: 1008
2025-11-24T16:33:08.271+08:00  INFO 63948 --- [patient-service] [nio-8101-exec-3] c.a.p.service.impl.SessionServiceImpl    : 会话创建成功，sessionId: 1008, patientId: 1
2025-11-24T16:35:02.080+08:00  INFO 63948 --- [patient-service] [nio-8101-exec-5] c.a.p.service.impl.SessionServiceImpl    : 创建会话前，sessionId: null
Creating a new SqlSession
SqlSession [org.apache.ibatis.session.defaults.DefaultSqlSession@6f5a32] was not registered for synchronization because synchronization is not active
JDBC Connection [com.mysql.cj.jdbc.ConnectionImpl@69ce6cfa] will not be managed by Spring
==>  Preparing: INSERT INTO session ( patient_id, created_time, status ) VALUES ( ?, ?, ? )
==> Parameters: 3(Integer), 2025-11-24 16:35:02.08(Timestamp), ACTIVE(String)
<==    Updates: 1
Closing non transactional SqlSession [org.apache.ibatis.session.defaults.DefaultSqlSession@6f5a32]
2025-11-24T16:35:02.784+08:00  INFO 63948 --- [patient-service] [nio-8101-exec-5] c.a.p.service.impl.SessionServiceImpl    : 插入会话结果: 1, 插入后 sessionId: 1009
2025-11-24T16:35:02.785+08:00  INFO 63948 --- [patient-service] [nio-8101-exec-5] c.a.p.service.impl.SessionServiceImpl    : 会话创建成功，sessionId: 1009, patientId: 3
