[INFO] Scanning for projects...
[INFO] 
[INFO] -------------< com.neusoft.neu23:prescription-ai-service >--------------
[INFO] Building prescription-ai-service 1.0-SNAPSHOT
[INFO]   from pom.xml
[INFO] --------------------------------[ jar ]---------------------------------
[INFO] 
[INFO] >>> spring-boot:3.3.5:run (default-cli) > test-compile @ prescription-ai-service >>>
[INFO] 
[INFO] --- resources:3.3.1:resources (default-resources) @ prescription-ai-service ---
[INFO] Copying 1 resource from src/main/resources to target/classes
[INFO] Copying 0 resource from src/main/resources to target/classes
[INFO] 
[INFO] --- compiler:3.11.0:compile (default-compile) @ prescription-ai-service ---
[INFO] Nothing to compile - all classes are up to date
[INFO] 
[INFO] --- resources:3.3.1:testResources (default-testResources) @ prescription-ai-service ---
[INFO] skip non existing resourceDirectory /Users/leon/Desktop/code/javaProject/StellarMed/prescription-ai-service/src/test/resources
[INFO] 
[INFO] --- compiler:3.11.0:testCompile (default-testCompile) @ prescription-ai-service ---
[INFO] Nothing to compile - all classes are up to date
[INFO] 
[INFO] <<< spring-boot:3.3.5:run (default-cli) < test-compile @ prescription-ai-service <<<
[INFO] 
[INFO] 
[INFO] --- spring-boot:3.3.5:run (default-cli) @ prescription-ai-service ---
[INFO] Attaching agents: []

  .   ____          _            __ _ _
 /\\ / ___'_ __ _ _(_)_ __  __ _ \ \ \ \
( ( )\___ | '_ | '_| | '_ \/ _` | \ \ \ \
 \\/  ___)| |_)| | | | | || (_| |  ) ) ) )
  '  |____| .__|_| |_|_| |_\__, | / / / /
 =========|_|==============|___/=/_/_/_/

 :: Spring Boot ::                (v3.3.5)

2025-11-24T16:16:23.724+08:00  INFO 64100 --- [prescription-ai-service] [  restartedMain] c.neusoft.neu23.PrescriptionApplication  : Starting PrescriptionApplication using Java 17.0.17 with PID 64100 (/Users/leon/Desktop/code/javaProject/StellarMed/prescription-ai-service/target/classes started by leon in /Users/leon/Desktop/code/javaProject/StellarMed/prescription-ai-service)
2025-11-24T16:16:23.725+08:00  INFO 64100 --- [prescription-ai-service] [  restartedMain] c.neusoft.neu23.PrescriptionApplication  : No active profile set, falling back to 1 default profile: "default"
2025-11-24T16:16:23.743+08:00  INFO 64100 --- [prescription-ai-service] [  restartedMain] o.s.b.devtools.restart.ChangeableUrls    : The Class-Path manifest attribute in /Users/leon/.m2/repository/org/apache/opennlp/opennlp-tools/2.3.3/opennlp-tools-2.3.3.jar referenced one or more files that do not exist: file:/Users/leon/.m2/repository/org/apache/opennlp/opennlp-tools/2.3.3/slf4j-api-1.7.36.jar
2025-11-24T16:16:23.743+08:00  INFO 64100 --- [prescription-ai-service] [  restartedMain] .e.DevToolsPropertyDefaultsPostProcessor : Devtools property defaults active! Set 'spring.devtools.add-properties' to 'false' to disable
2025-11-24T16:16:23.743+08:00  INFO 64100 --- [prescription-ai-service] [  restartedMain] .e.DevToolsPropertyDefaultsPostProcessor : For additional web related logging consider setting the 'logging.level.web' property to 'DEBUG'
2025-11-24T16:16:24.086+08:00  INFO 64100 --- [prescription-ai-service] [  restartedMain] o.s.cloud.context.scope.GenericScope     : BeanFactory id=f2b45505-85ff-34eb-84f9-b966316be587
2025-11-24T16:16:24.233+08:00  INFO 64100 --- [prescription-ai-service] [  restartedMain] o.s.b.w.embedded.tomcat.TomcatWebServer  : Tomcat initialized with port 8085 (http)
2025-11-24T16:16:24.239+08:00  INFO 64100 --- [prescription-ai-service] [  restartedMain] o.apache.catalina.core.StandardService   : Starting service [Tomcat]
2025-11-24T16:16:24.239+08:00  INFO 64100 --- [prescription-ai-service] [  restartedMain] o.apache.catalina.core.StandardEngine    : Starting Servlet engine: [Apache Tomcat/10.1.31]
2025-11-24T16:16:24.255+08:00  INFO 64100 --- [prescription-ai-service] [  restartedMain] o.a.c.c.C.[Tomcat].[localhost].[/]       : Initializing Spring embedded WebApplicationContext
2025-11-24T16:16:24.255+08:00  INFO 64100 --- [prescription-ai-service] [  restartedMain] w.s.c.ServletWebServerApplicationContext : Root WebApplicationContext: initialization completed in 511 ms
Logging initialized using 'class org.apache.ibatis.logging.stdout.StdOutImpl' adapter.
Get /172.22.91.239 network interface 
Get network interface info: name:en0 (en0)
Initialization Sequence datacenterId:4 workerId:31
 _ _   |_  _ _|_. ___ _ |    _ 
| | |\/|_)(_| | |_\  |_)||_|_\ 
     /               |         
                        3.5.10 
2025-11-24T16:16:24.706+08:00  WARN 64100 --- [prescription-ai-service] [  restartedMain] o.s.b.d.a.OptionalLiveReloadServer       : Unable to start LiveReload server
2025-11-24T16:16:24.729+08:00  INFO 64100 --- [prescription-ai-service] [  restartedMain] o.s.b.w.embedded.tomcat.TomcatWebServer  : Tomcat started on port 8085 (http) with context path '/'
2025-11-24T16:16:24.733+08:00  INFO 64100 --- [prescription-ai-service] [  restartedMain] com.alibaba.nacos.client.naming          : initializer namespace from ans.namespace attribute : null
2025-11-24T16:16:24.734+08:00  INFO 64100 --- [prescription-ai-service] [  restartedMain] com.alibaba.nacos.client.naming          : initializer namespace from ALIBABA_ALIWARE_NAMESPACE attribute :null
2025-11-24T16:16:24.734+08:00  INFO 64100 --- [prescription-ai-service] [  restartedMain] com.alibaba.nacos.client.naming          : initializer namespace from namespace attribute :null
2025-11-24T16:16:24.737+08:00  INFO 64100 --- [prescription-ai-service] [  restartedMain] com.alibaba.nacos.client.naming          : FailoverDataSource type is class com.alibaba.nacos.client.naming.backups.datasource.DiskFailoverDataSource
2025-11-24T16:16:24.741+08:00  INFO 64100 --- [prescription-ai-service] [  restartedMain] c.alibaba.nacos.client.utils.ParamUtil   : [settings] [req-serv] nacos-server port:8848
2025-11-24T16:16:24.741+08:00  INFO 64100 --- [prescription-ai-service] [  restartedMain] c.alibaba.nacos.client.utils.ParamUtil   : [settings] [http-client] connect timeout:1000
2025-11-24T16:16:24.741+08:00  INFO 64100 --- [prescription-ai-service] [  restartedMain] c.alibaba.nacos.client.utils.ParamUtil   : PER_TASK_CONFIG_SIZE: 3000.0
2025-11-24T16:16:24.742+08:00  INFO 64100 --- [prescription-ai-service] [  restartedMain] c.a.n.p.a.s.c.ClientAuthPluginManager    : [ClientAuthPluginManager] Load ClientAuthService com.alibaba.nacos.client.auth.impl.NacosClientAuthServiceImpl success.
2025-11-24T16:16:24.742+08:00  INFO 64100 --- [prescription-ai-service] [  restartedMain] c.a.n.p.a.s.c.ClientAuthPluginManager    : [ClientAuthPluginManager] Load ClientAuthService com.alibaba.nacos.client.auth.ram.RamClientAuthServiceImpl success.
2025-11-24T16:16:24.744+08:00  INFO 64100 --- [prescription-ai-service] [      Thread-15] c.a.n.c.a.r.identify.CredentialWatcher   : null No credential found
2025-11-24T16:16:24.747+08:00  INFO 64100 --- [prescription-ai-service] [  restartedMain] com.alibaba.nacos.common.remote.client   : [RpcClientFactory] create a new rpc client of bae0293d-42ad-4181-b2b5-8191057e46c4
2025-11-24T16:16:24.752+08:00  INFO 64100 --- [prescription-ai-service] [  restartedMain] com.alibaba.nacos.client.naming          : Create naming rpc client for uuid->bae0293d-42ad-4181-b2b5-8191057e46c4
2025-11-24T16:16:24.752+08:00  INFO 64100 --- [prescription-ai-service] [  restartedMain] com.alibaba.nacos.common.remote.client   : [bae0293d-42ad-4181-b2b5-8191057e46c4] RpcClient init, ServerListFactory = com.alibaba.nacos.client.naming.core.ServerListManager
2025-11-24T16:16:24.753+08:00  INFO 64100 --- [prescription-ai-service] [  restartedMain] com.alibaba.nacos.common.remote.client   : [bae0293d-42ad-4181-b2b5-8191057e46c4] Registry connection listener to current client:com.alibaba.nacos.client.naming.remote.gprc.redo.NamingGrpcRedoService
2025-11-24T16:16:24.753+08:00  INFO 64100 --- [prescription-ai-service] [  restartedMain] com.alibaba.nacos.common.remote.client   : [bae0293d-42ad-4181-b2b5-8191057e46c4] Register server push request handler:com.alibaba.nacos.client.naming.remote.gprc.NamingPushRequestHandler
2025-11-24T16:16:24.753+08:00  INFO 64100 --- [prescription-ai-service] [  restartedMain] com.alibaba.nacos.common.remote.client   : [bae0293d-42ad-4181-b2b5-8191057e46c4] Try to connect to server on start up, server: {serverIp = 'localhost', server main port = 8848}
2025-11-24T16:16:24.767+08:00  INFO 64100 --- [prescription-ai-service] [  restartedMain] c.a.n.c.remote.client.grpc.GrpcClient    : grpc client connection server:localhost ip,serverPort:9848,grpcTslConfig:{"sslProvider":"","enableTls":false,"mutualAuthEnable":false,"trustAll":false}
2025-11-24T16:16:24.931+08:00  INFO 64100 --- [prescription-ai-service] [  restartedMain] c.a.n.c.a.AbstractAbilityControlManager  : Ready to get current node abilities...
2025-11-24T16:16:24.931+08:00  INFO 64100 --- [prescription-ai-service] [  restartedMain] c.a.n.c.a.AbstractAbilityControlManager  : Ready to initialize current node abilities, support modes: [SDK_CLIENT]
2025-11-24T16:16:24.932+08:00  INFO 64100 --- [prescription-ai-service] [  restartedMain] c.a.n.c.a.AbstractAbilityControlManager  : Initialize current abilities finish...
2025-11-24T16:16:24.932+08:00  INFO 64100 --- [prescription-ai-service] [  restartedMain] c.a.n.c.a.d.NacosAbilityManagerHolder    : [AbilityControlManager] Successfully initialize AbilityControlManager
2025-11-24T16:16:24.940+08:00  INFO 64100 --- [prescription-ai-service] [  restartedMain] com.alibaba.nacos.common.remote.client   : [bae0293d-42ad-4181-b2b5-8191057e46c4] Success to connect to server [localhost:8848] on start up, connectionId = 1763972184902_127.0.0.1_63064
2025-11-24T16:16:24.940+08:00  INFO 64100 --- [prescription-ai-service] [remote.worker.0] com.alibaba.nacos.common.remote.client   : [bae0293d-42ad-4181-b2b5-8191057e46c4] Notify connected event to listeners.
2025-11-24T16:16:24.940+08:00  INFO 64100 --- [prescription-ai-service] [remote.worker.0] com.alibaba.nacos.client.naming          : Grpc connection connect
2025-11-24T16:16:24.940+08:00  INFO 64100 --- [prescription-ai-service] [  restartedMain] com.alibaba.nacos.common.remote.client   : [bae0293d-42ad-4181-b2b5-8191057e46c4] Register server push request handler:com.alibaba.nacos.common.remote.client.RpcClient$ConnectResetRequestHandler
2025-11-24T16:16:24.940+08:00  INFO 64100 --- [prescription-ai-service] [  restartedMain] com.alibaba.nacos.common.remote.client   : [bae0293d-42ad-4181-b2b5-8191057e46c4] Register server push request handler:com.alibaba.nacos.common.remote.client.RpcClient$$Lambda$1163/0x000000a0017a5f00
2025-11-24T16:16:24.940+08:00  INFO 64100 --- [prescription-ai-service] [  restartedMain] com.alibaba.nacos.client.naming          : [REGISTER-SERVICE] public registering service prescription-ai-service with instance Instance{instanceId='null', ip='172.22.91.239', port=8085, weight=1.0, healthy=true, enabled=true, ephemeral=true, clusterName='', serviceName='null', metadata={IPv6=[2001:da8:9000:a835:b41a:279:9317:b0d9], preserved.register.source=SPRING_CLOUD}}
2025-11-24T16:16:24.947+08:00  INFO 64100 --- [prescription-ai-service] [  restartedMain] c.a.c.n.registry.NacosServiceRegistry    : nacos registry, DEFAULT_GROUP prescription-ai-service 172.22.91.239:8085 register finished
2025-11-24T16:16:24.954+08:00  INFO 64100 --- [prescription-ai-service] [  restartedMain] c.neusoft.neu23.PrescriptionApplication  : Started PrescriptionApplication in 1.374 seconds (process running for 1.516)
2025-11-24T16:51:41.273+08:00  INFO 64100 --- [prescription-ai-service] [   File Watcher] rtingClassPathChangeChangedEventListener : Restarting due to 4 class path changes (0 additions, 0 deletions, 4 modifications)
2025-11-24T16:51:42.901+08:00  WARN 64100 --- [prescription-ai-service] [       Thread-1] org.apache.tomcat.util.net.Acceptor      : The acceptor thread [http-nio-8085-Acceptor] did not stop cleanly
2025-11-24T16:51:42.910+08:00  INFO 64100 --- [prescription-ai-service] [       Thread-1] c.a.c.n.registry.NacosServiceRegistry    : De-registering from Nacos Server now...
2025-11-24T16:51:42.910+08:00  INFO 64100 --- [prescription-ai-service] [       Thread-1] com.alibaba.nacos.client.naming          : [DEREGISTER-SERVICE] public deregistering service prescription-ai-service with instance: Instance{instanceId='null', ip='172.22.91.239', port=8085, weight=1.0, healthy=true, enabled=true, ephemeral=true, clusterName='', serviceName='null', metadata={}}
2025-11-24T16:51:42.926+08:00  INFO 64100 --- [prescription-ai-service] [       Thread-1] c.a.c.n.registry.NacosServiceRegistry    : De-registration finished.
2025-11-24T16:51:42.926+08:00  INFO 64100 --- [prescription-ai-service] [       Thread-1] com.alibaba.nacos.client.naming          : com.alibaba.nacos.client.naming.cache.ServiceInfoHolder do shutdown begin
2025-11-24T16:51:42.927+08:00  INFO 64100 --- [prescription-ai-service] [       Thread-1] com.alibaba.nacos.client.naming          : com.alibaba.nacos.client.naming.backups.FailoverReactor do shutdown begin
2025-11-24T16:51:42.927+08:00  INFO 64100 --- [prescription-ai-service] [       Thread-1] com.alibaba.nacos.client.naming          : com.alibaba.nacos.client.naming.backups.FailoverReactor do shutdown stop
2025-11-24T16:51:42.927+08:00  INFO 64100 --- [prescription-ai-service] [       Thread-1] com.alibaba.nacos.client.naming          : com.alibaba.nacos.client.naming.cache.ServiceInfoHolder do shutdown stop
2025-11-24T16:51:42.927+08:00  INFO 64100 --- [prescription-ai-service] [       Thread-1] com.alibaba.nacos.client.naming          : com.alibaba.nacos.client.naming.remote.NamingClientProxyDelegate do shutdown begin
2025-11-24T16:51:42.927+08:00  INFO 64100 --- [prescription-ai-service] [       Thread-1] com.alibaba.nacos.client.naming          : com.alibaba.nacos.client.naming.core.ServiceInfoUpdateService do shutdown begin
2025-11-24T16:51:42.927+08:00  INFO 64100 --- [prescription-ai-service] [       Thread-1] com.alibaba.nacos.client.naming          : com.alibaba.nacos.client.naming.core.ServiceInfoUpdateService do shutdown stop
2025-11-24T16:51:42.927+08:00  INFO 64100 --- [prescription-ai-service] [       Thread-1] com.alibaba.nacos.client.naming          : com.alibaba.nacos.client.naming.core.ServerListManager do shutdown begin
2025-11-24T16:51:42.927+08:00  WARN 64100 --- [prescription-ai-service] [       Thread-1] com.alibaba.nacos.client.naming          : [NamingHttpClientManager] Start destroying NacosRestTemplate
2025-11-24T16:51:42.927+08:00  WARN 64100 --- [prescription-ai-service] [       Thread-1] com.alibaba.nacos.client.naming          : [NamingHttpClientManager] Destruction of the end
2025-11-24T16:51:42.927+08:00  INFO 64100 --- [prescription-ai-service] [       Thread-1] com.alibaba.nacos.client.naming          : com.alibaba.nacos.client.naming.core.ServerListManager do shutdown stop
2025-11-24T16:51:42.927+08:00  INFO 64100 --- [prescription-ai-service] [       Thread-1] com.alibaba.nacos.client.naming          : com.alibaba.nacos.client.naming.remote.http.NamingHttpClientProxy do shutdown begin
2025-11-24T16:51:42.927+08:00  WARN 64100 --- [prescription-ai-service] [       Thread-1] com.alibaba.nacos.client.naming          : [NamingHttpClientManager] Start destroying NacosRestTemplate
2025-11-24T16:51:42.927+08:00  WARN 64100 --- [prescription-ai-service] [       Thread-1] com.alibaba.nacos.client.naming          : [NamingHttpClientManager] Destruction of the end
2025-11-24T16:51:42.927+08:00  INFO 64100 --- [prescription-ai-service] [       Thread-1] com.alibaba.nacos.client.naming          : com.alibaba.nacos.client.naming.remote.http.NamingHttpClientProxy do shutdown stop
2025-11-24T16:51:42.927+08:00  INFO 64100 --- [prescription-ai-service] [       Thread-1] com.alibaba.nacos.client.naming          : Shutdown naming grpc client proxy for  uuid->bae0293d-42ad-4181-b2b5-8191057e46c4
2025-11-24T16:51:42.927+08:00  INFO 64100 --- [prescription-ai-service] [       Thread-1] com.alibaba.nacos.client.naming          : Shutdown grpc redo service executor java.util.concurrent.ScheduledThreadPoolExecutor@4a300b66[Running, pool size = 1, active threads = 0, queued tasks = 1, completed tasks = 705]
2025-11-24T16:51:42.928+08:00  INFO 64100 --- [prescription-ai-service] [       Thread-1] com.alibaba.nacos.common.remote.client   : Shutdown rpc client, set status to shutdown
2025-11-24T16:51:42.928+08:00  INFO 64100 --- [prescription-ai-service] [       Thread-1] com.alibaba.nacos.common.remote.client   : Shutdown client event executor java.util.concurrent.ScheduledThreadPoolExecutor@70f9131c[Running, pool size = 2, active threads = 2, queued tasks = 0, completed tasks = 0]
2025-11-24T16:51:42.928+08:00  INFO 64100 --- [prescription-ai-service] [       Thread-1] com.alibaba.nacos.common.remote.client   : Close current connection 1763972184902_127.0.0.1_63064
2025-11-24T16:51:42.929+08:00  INFO 64100 --- [prescription-ai-service] [r-localhost-655] c.a.n.c.remote.client.grpc.GrpcClient    : [1763972184902_127.0.0.1_63064]Ignore complete event,isRunning:false,isAbandon=false
2025-11-24T16:51:42.932+08:00  INFO 64100 --- [prescription-ai-service] [       Thread-1] c.a.n.c.remote.client.grpc.GrpcClient    : Shutdown grpc executor java.util.concurrent.ThreadPoolExecutor@42e11b51[Running, pool size = 4, active threads = 0, queued tasks = 0, completed tasks = 656]
2025-11-24T16:51:42.932+08:00  INFO 64100 --- [prescription-ai-service] [       Thread-1] com.alibaba.nacos.client.naming          : shutdown and remove naming rpc client  for uuid ->bae0293d-42ad-4181-b2b5-8191057e46c4
2025-11-24T16:51:42.933+08:00  INFO 64100 --- [prescription-ai-service] [       Thread-1] c.a.n.c.a.r.identify.CredentialWatcher   : [null] CredentialWatcher is stopped
2025-11-24T16:51:42.933+08:00  INFO 64100 --- [prescription-ai-service] [       Thread-1] c.a.n.c.a.r.identify.CredentialService   : [null] CredentialService is freed
2025-11-24T16:51:42.933+08:00  INFO 64100 --- [prescription-ai-service] [       Thread-1] com.alibaba.nacos.client.naming          : com.alibaba.nacos.client.naming.remote.NamingClientProxyDelegate do shutdown stop

  .   ____          _            __ _ _
 /\\ / ___'_ __ _ _(_)_ __  __ _ \ \ \ \
( ( )\___ | '_ | '_| | '_ \/ _` | \ \ \ \
 \\/  ___)| |_)| | | | | || (_| |  ) ) ) )
  '  |____| .__|_| |_|_| |_\__, | / / / /
 =========|_|==============|___/=/_/_/_/

 :: Spring Boot ::                (v3.3.5)

2025-11-24T16:51:43.002+08:00  INFO 64100 --- [prescription-ai-service] [  restartedMain] c.neusoft.neu23.PrescriptionApplication  : Starting PrescriptionApplication using Java 17.0.17 with PID 64100 (/Users/leon/Desktop/code/javaProject/StellarMed/prescription-ai-service/target/classes started by leon in /Users/leon/Desktop/code/javaProject/StellarMed/prescription-ai-service)
2025-11-24T16:51:43.002+08:00  INFO 64100 --- [prescription-ai-service] [  restartedMain] c.neusoft.neu23.PrescriptionApplication  : No active profile set, falling back to 1 default profile: "default"
2025-11-24T16:51:43.147+08:00  INFO 64100 --- [prescription-ai-service] [  restartedMain] o.s.cloud.context.scope.GenericScope     : BeanFactory id=f2b45505-85ff-34eb-84f9-b966316be587
2025-11-24T16:51:43.173+08:00  INFO 64100 --- [prescription-ai-service] [  restartedMain] o.s.b.w.embedded.tomcat.TomcatWebServer  : Tomcat initialized with port 8085 (http)
2025-11-24T16:51:43.174+08:00  INFO 64100 --- [prescription-ai-service] [  restartedMain] o.apache.catalina.core.StandardService   : Starting service [Tomcat]
2025-11-24T16:51:43.174+08:00  INFO 64100 --- [prescription-ai-service] [  restartedMain] o.apache.catalina.core.StandardEngine    : Starting Servlet engine: [Apache Tomcat/10.1.31]
2025-11-24T16:51:43.178+08:00  INFO 64100 --- [prescription-ai-service] [  restartedMain] o.a.c.c.C.[Tomcat].[localhost].[/]       : Initializing Spring embedded WebApplicationContext
2025-11-24T16:51:43.179+08:00  INFO 64100 --- [prescription-ai-service] [  restartedMain] w.s.c.ServletWebServerApplicationContext : Root WebApplicationContext: initialization completed in 176 ms
Logging initialized using 'class org.apache.ibatis.logging.stdout.StdOutImpl' adapter.
Get /172.22.91.239 network interface 
Get network interface info: name:en0 (en0)
Initialization Sequence datacenterId:4 workerId:31
 _ _   |_  _ _|_. ___ _ |    _ 
| | |\/|_)(_| | |_\  |_)||_|_\ 
     /               |         
                        3.5.10 
2025-11-24T16:51:43.339+08:00  WARN 64100 --- [prescription-ai-service] [  restartedMain] o.s.b.d.a.OptionalLiveReloadServer       : Unable to start LiveReload server
2025-11-24T16:51:43.353+08:00  INFO 64100 --- [prescription-ai-service] [  restartedMain] o.s.b.w.embedded.tomcat.TomcatWebServer  : Tomcat started on port 8085 (http) with context path '/'
2025-11-24T16:51:43.355+08:00  INFO 64100 --- [prescription-ai-service] [  restartedMain] com.alibaba.nacos.client.naming          : initializer namespace from ans.namespace attribute : null
2025-11-24T16:51:43.355+08:00  INFO 64100 --- [prescription-ai-service] [  restartedMain] com.alibaba.nacos.client.naming          : initializer namespace from ALIBABA_ALIWARE_NAMESPACE attribute :null
2025-11-24T16:51:43.355+08:00  INFO 64100 --- [prescription-ai-service] [  restartedMain] com.alibaba.nacos.client.naming          : initializer namespace from namespace attribute :null
2025-11-24T16:51:43.355+08:00  INFO 64100 --- [prescription-ai-service] [  restartedMain] com.alibaba.nacos.client.naming          : FailoverDataSource type is class com.alibaba.nacos.client.naming.backups.datasource.DiskFailoverDataSource
2025-11-24T16:51:43.355+08:00  INFO 64100 --- [prescription-ai-service] [  restartedMain] c.a.n.p.a.s.c.ClientAuthPluginManager    : [ClientAuthPluginManager] Load ClientAuthService com.alibaba.nacos.client.auth.impl.NacosClientAuthServiceImpl success.
2025-11-24T16:51:43.355+08:00  INFO 64100 --- [prescription-ai-service] [  restartedMain] c.a.n.p.a.s.c.ClientAuthPluginManager    : [ClientAuthPluginManager] Load ClientAuthService com.alibaba.nacos.client.auth.ram.RamClientAuthServiceImpl success.
2025-11-24T16:51:43.370+08:00  INFO 64100 --- [prescription-ai-service] [      Thread-35] c.a.n.c.a.r.identify.CredentialWatcher   : null No credential found
2025-11-24T16:51:43.370+08:00  INFO 64100 --- [prescription-ai-service] [  restartedMain] com.alibaba.nacos.common.remote.client   : [RpcClientFactory] create a new rpc client of acde78cd-02c9-4497-bd8f-8b8ff9187995
2025-11-24T16:51:43.370+08:00  INFO 64100 --- [prescription-ai-service] [  restartedMain] com.alibaba.nacos.client.naming          : Create naming rpc client for uuid->acde78cd-02c9-4497-bd8f-8b8ff9187995
2025-11-24T16:51:43.370+08:00  INFO 64100 --- [prescription-ai-service] [  restartedMain] com.alibaba.nacos.common.remote.client   : [acde78cd-02c9-4497-bd8f-8b8ff9187995] RpcClient init, ServerListFactory = com.alibaba.nacos.client.naming.core.ServerListManager
2025-11-24T16:51:43.370+08:00  INFO 64100 --- [prescription-ai-service] [  restartedMain] com.alibaba.nacos.common.remote.client   : [acde78cd-02c9-4497-bd8f-8b8ff9187995] Registry connection listener to current client:com.alibaba.nacos.client.naming.remote.gprc.redo.NamingGrpcRedoService
2025-11-24T16:51:43.370+08:00  INFO 64100 --- [prescription-ai-service] [  restartedMain] com.alibaba.nacos.common.remote.client   : [acde78cd-02c9-4497-bd8f-8b8ff9187995] Register server push request handler:com.alibaba.nacos.client.naming.remote.gprc.NamingPushRequestHandler
2025-11-24T16:51:43.371+08:00  INFO 64100 --- [prescription-ai-service] [  restartedMain] com.alibaba.nacos.common.remote.client   : [acde78cd-02c9-4497-bd8f-8b8ff9187995] Try to connect to server on start up, server: {serverIp = 'localhost', server main port = 8848}
2025-11-24T16:51:43.371+08:00  INFO 64100 --- [prescription-ai-service] [  restartedMain] c.a.n.c.remote.client.grpc.GrpcClient    : grpc client connection server:localhost ip,serverPort:9848,grpcTslConfig:{"sslProvider":"","enableTls":false,"mutualAuthEnable":false,"trustAll":false}
2025-11-24T16:51:43.384+08:00  INFO 64100 --- [prescription-ai-service] [  restartedMain] com.alibaba.nacos.common.remote.client   : [acde78cd-02c9-4497-bd8f-8b8ff9187995] Success to connect to server [localhost:8848] on start up, connectionId = 1763974303374_127.0.0.1_54320
2025-11-24T16:51:43.384+08:00  INFO 64100 --- [prescription-ai-service] [  restartedMain] com.alibaba.nacos.common.remote.client   : [acde78cd-02c9-4497-bd8f-8b8ff9187995] Register server push request handler:com.alibaba.nacos.common.remote.client.RpcClient$ConnectResetRequestHandler
2025-11-24T16:51:43.384+08:00  INFO 64100 --- [prescription-ai-service] [remote.worker.0] com.alibaba.nacos.common.remote.client   : [acde78cd-02c9-4497-bd8f-8b8ff9187995] Notify connected event to listeners.
2025-11-24T16:51:43.384+08:00  INFO 64100 --- [prescription-ai-service] [  restartedMain] com.alibaba.nacos.common.remote.client   : [acde78cd-02c9-4497-bd8f-8b8ff9187995] Register server push request handler:com.alibaba.nacos.common.remote.client.RpcClient$$Lambda$1163/0x000000a0017a5f00
2025-11-24T16:51:43.384+08:00  INFO 64100 --- [prescription-ai-service] [remote.worker.0] com.alibaba.nacos.client.naming          : Grpc connection connect
2025-11-24T16:51:43.384+08:00  INFO 64100 --- [prescription-ai-service] [  restartedMain] com.alibaba.nacos.client.naming          : [REGISTER-SERVICE] public registering service prescription-ai-service with instance Instance{instanceId='null', ip='172.22.91.239', port=8085, weight=1.0, healthy=true, enabled=true, ephemeral=true, clusterName='', serviceName='null', metadata={IPv6=[2001:da8:9000:a835:b41a:279:9317:b0d9], preserved.register.source=SPRING_CLOUD}}
2025-11-24T16:51:43.386+08:00  INFO 64100 --- [prescription-ai-service] [  restartedMain] c.a.c.n.registry.NacosServiceRegistry    : nacos registry, DEFAULT_GROUP prescription-ai-service 172.22.91.239:8085 register finished
2025-11-24T16:51:43.391+08:00  INFO 64100 --- [prescription-ai-service] [  restartedMain] c.neusoft.neu23.PrescriptionApplication  : Started PrescriptionApplication in 0.404 seconds (process running for 2119.928)
2025-11-24T16:51:43.392+08:00  INFO 64100 --- [prescription-ai-service] [  restartedMain] .ConditionEvaluationDeltaLoggingListener : Condition evaluation unchanged
