[INFO] Scanning for projects...
[INFO] 
[INFO] ----------------< com.neusoft.neu23:summary-ai-service >----------------
[INFO] Building summary-ai-service 1.0-SNAPSHOT
[INFO]   from pom.xml
[INFO] --------------------------------[ jar ]---------------------------------
[INFO] 
[INFO] >>> spring-boot:3.3.5:run (default-cli) > test-compile @ summary-ai-service >>>
[INFO] 
[INFO] --- resources:3.3.1:resources (default-resources) @ summary-ai-service ---
[INFO] Copying 1 resource from src/main/resources to target/classes
[INFO] Copying 0 resource from src/main/resources to target/classes
[INFO] 
[INFO] --- compiler:3.11.0:compile (default-compile) @ summary-ai-service ---
[INFO] Nothing to compile - all classes are up to date
[INFO] 
[INFO] --- resources:3.3.1:testResources (default-testResources) @ summary-ai-service ---
[INFO] skip non existing resourceDirectory /Users/leon/Desktop/code/javaProject/StellarMed/summary-ai-service/src/test/resources
[INFO] 
[INFO] --- compiler:3.11.0:testCompile (default-testCompile) @ summary-ai-service ---
[INFO] Nothing to compile - all classes are up to date
[INFO] 
[INFO] <<< spring-boot:3.3.5:run (default-cli) < test-compile @ summary-ai-service <<<
[INFO] 
[INFO] 
[INFO] --- spring-boot:3.3.5:run (default-cli) @ summary-ai-service ---
[INFO] Attaching agents: []

  .   ____          _            __ _ _
 /\\ / ___'_ __ _ _(_)_ __  __ _ \ \ \ \
( ( )\___ | '_ | '_| | '_ \/ _` | \ \ \ \
 \\/  ___)| |_)| | | | | || (_| |  ) ) ) )
  '  |____| .__|_| |_|_| |_\__, | / / / /
 =========|_|==============|___/=/_/_/_/

 :: Spring Boot ::                (v3.3.5)

2025-11-24T16:16:16.700+08:00  INFO 64056 --- [summary-ai-service] [  restartedMain] com.neusoft.neu23.App                    : Starting App using Java 17.0.17 with PID 64056 (/Users/leon/Desktop/code/javaProject/StellarMed/summary-ai-service/target/classes started by leon in /Users/leon/Desktop/code/javaProject/StellarMed/summary-ai-service)
2025-11-24T16:16:16.701+08:00  INFO 64056 --- [summary-ai-service] [  restartedMain] com.neusoft.neu23.App                    : No active profile set, falling back to 1 default profile: "default"
2025-11-24T16:16:16.719+08:00  INFO 64056 --- [summary-ai-service] [  restartedMain] .e.DevToolsPropertyDefaultsPostProcessor : Devtools property defaults active! Set 'spring.devtools.add-properties' to 'false' to disable
2025-11-24T16:16:16.719+08:00  INFO 64056 --- [summary-ai-service] [  restartedMain] .e.DevToolsPropertyDefaultsPostProcessor : For additional web related logging consider setting the 'logging.level.web' property to 'DEBUG'
2025-11-24T16:16:17.086+08:00  INFO 64056 --- [summary-ai-service] [  restartedMain] o.s.cloud.context.scope.GenericScope     : BeanFactory id=71c7ac58-5809-3aea-9c04-66a3e689699b
2025-11-24T16:16:17.142+08:00  WARN 64056 --- [summary-ai-service] [  restartedMain] trationDelegate$BeanPostProcessorChecker : Bean 'org.springframework.cloud.client.loadbalancer.LoadBalancerAutoConfiguration$DeferringLoadBalancerInterceptorConfig' of type [org.springframework.cloud.client.loadbalancer.LoadBalancerAutoConfiguration$DeferringLoadBalancerInterceptorConfig] is not eligible for getting processed by all BeanPostProcessors (for example: not eligible for auto-proxying). The currently created BeanPostProcessor [lbRestClientPostProcessor] is declared through a non-static factory method on that class; consider declaring it as static instead.
2025-11-24T16:16:17.143+08:00  WARN 64056 --- [summary-ai-service] [  restartedMain] trationDelegate$BeanPostProcessorChecker : Bean 'deferringLoadBalancerInterceptor' of type [org.springframework.cloud.client.loadbalancer.DeferringLoadBalancerInterceptor] is not eligible for getting processed by all BeanPostProcessors (for example: not eligible for auto-proxying). Is this bean getting eagerly injected/applied to a currently created BeanPostProcessor [lbRestClientPostProcessor]? Check the corresponding BeanPostProcessor declaration and its dependencies/advisors. If this bean does not have to be post-processed, declare it with ROLE_INFRASTRUCTURE.
2025-11-24T16:16:17.144+08:00  WARN 64056 --- [summary-ai-service] [  restartedMain] trationDelegate$BeanPostProcessorChecker : Bean 'org.springframework.cloud.client.loadbalancer.reactive.LoadBalancerBeanPostProcessorAutoConfiguration' of type [org.springframework.cloud.client.loadbalancer.reactive.LoadBalancerBeanPostProcessorAutoConfiguration] is not eligible for getting processed by all BeanPostProcessors (for example: not eligible for auto-proxying). The currently created BeanPostProcessor [loadBalancerWebClientBuilderBeanPostProcessor] is declared through a non-static factory method on that class; consider declaring it as static instead.
2025-11-24T16:16:17.144+08:00  WARN 64056 --- [summary-ai-service] [  restartedMain] trationDelegate$BeanPostProcessorChecker : Bean 'org.springframework.cloud.client.loadbalancer.reactive.LoadBalancerBeanPostProcessorAutoConfiguration$ReactorDeferringLoadBalancerFilterConfig' of type [org.springframework.cloud.client.loadbalancer.reactive.LoadBalancerBeanPostProcessorAutoConfiguration$ReactorDeferringLoadBalancerFilterConfig] is not eligible for getting processed by all BeanPostProcessors (for example: not eligible for auto-proxying). Is this bean getting eagerly injected/applied to a currently created BeanPostProcessor [loadBalancerWebClientBuilderBeanPostProcessor]? Check the corresponding BeanPostProcessor declaration and its dependencies/advisors. If this bean does not have to be post-processed, declare it with ROLE_INFRASTRUCTURE.
2025-11-24T16:16:17.145+08:00  WARN 64056 --- [summary-ai-service] [  restartedMain] trationDelegate$BeanPostProcessorChecker : Bean 'reactorDeferringLoadBalancerExchangeFilterFunction' of type [org.springframework.cloud.client.loadbalancer.reactive.DeferringLoadBalancerExchangeFilterFunction] is not eligible for getting processed by all BeanPostProcessors (for example: not eligible for auto-proxying). Is this bean getting eagerly injected/applied to a currently created BeanPostProcessor [loadBalancerWebClientBuilderBeanPostProcessor]? Check the corresponding BeanPostProcessor declaration and its dependencies/advisors. If this bean does not have to be post-processed, declare it with ROLE_INFRASTRUCTURE.
2025-11-24T16:16:17.283+08:00  INFO 64056 --- [summary-ai-service] [  restartedMain] o.s.b.w.embedded.tomcat.TomcatWebServer  : Tomcat initialized with port 8204 (http)
2025-11-24T16:16:17.289+08:00  INFO 64056 --- [summary-ai-service] [  restartedMain] o.apache.catalina.core.StandardService   : Starting service [Tomcat]
2025-11-24T16:16:17.289+08:00  INFO 64056 --- [summary-ai-service] [  restartedMain] o.apache.catalina.core.StandardEngine    : Starting Servlet engine: [Apache Tomcat/10.1.31]
2025-11-24T16:16:17.309+08:00  INFO 64056 --- [summary-ai-service] [  restartedMain] o.a.c.c.C.[Tomcat].[localhost].[/]       : Initializing Spring embedded WebApplicationContext
2025-11-24T16:16:17.309+08:00  INFO 64056 --- [summary-ai-service] [  restartedMain] w.s.c.ServletWebServerApplicationContext : Root WebApplicationContext: initialization completed in 590 ms
Logging initialized using 'class org.apache.ibatis.logging.stdout.StdOutImpl' adapter.
Get /172.22.91.239 network interface 
Get network interface info: name:en0 (en0)
Initialization Sequence datacenterId:4 workerId:31
 _ _   |_  _ _|_. ___ _ |    _ 
| | |\/|_)(_| | |_\  |_)||_|_\ 
     /               |         
                        3.5.10 
Can not find table primary key in Class: "com.assist.common.entity.AiSessionSummary".
2025-11-24T16:16:17.421+08:00  WARN 64056 --- [summary-ai-service] [  restartedMain] c.b.m.core.injector.DefaultSqlInjector   : class com.assist.common.entity.AiSessionSummary ,Not found @TableId annotation, Cannot use Mybatis-Plus 'xxById' Method.
2025-11-24T16:16:17.539+08:00  WARN 64056 --- [summary-ai-service] [  restartedMain] s.w.s.m.m.a.RequestMappingHandlerMapping : Multiple @RequestMapping annotations found on public com.assist.common.common.ApiResponse com.neusoft.neu23.controller.SessionSummaryController.generateSummary(java.lang.Integer,java.lang.Integer), but only the first will be used: [@org.springframework.web.bind.annotation.PostMapping(consumes={}, headers={}, name="", params={}, path={"/generate"}, produces={}, value={"/generate"}), @org.springframework.web.bind.annotation.GetMapping(consumes={}, headers={}, name="", params={}, path={"/generate"}, produces={}, value={"/generate"})]
2025-11-24T16:16:17.745+08:00  WARN 64056 --- [summary-ai-service] [  restartedMain] o.s.b.d.a.OptionalLiveReloadServer       : Unable to start LiveReload server
2025-11-24T16:16:17.763+08:00  WARN 64056 --- [summary-ai-service] [  restartedMain] iguration$LoadBalancerCaffeineWarnLogger : Spring Cloud LoadBalancer is currently working with the default cache. While this cache implementation is useful for development and tests, it's recommended to use Caffeine cache in production.You can switch to using Caffeine cache, by adding it and org.springframework.cache.caffeine.CaffeineCacheManager to the classpath.
2025-11-24T16:16:17.782+08:00  INFO 64056 --- [summary-ai-service] [  restartedMain] o.s.b.w.embedded.tomcat.TomcatWebServer  : Tomcat started on port 8204 (http) with context path '/'
2025-11-24T16:16:17.787+08:00  INFO 64056 --- [summary-ai-service] [  restartedMain] com.alibaba.nacos.client.naming          : initializer namespace from ans.namespace attribute : null
2025-11-24T16:16:17.787+08:00  INFO 64056 --- [summary-ai-service] [  restartedMain] com.alibaba.nacos.client.naming          : initializer namespace from ALIBABA_ALIWARE_NAMESPACE attribute :null
2025-11-24T16:16:17.788+08:00  INFO 64056 --- [summary-ai-service] [  restartedMain] com.alibaba.nacos.client.naming          : initializer namespace from namespace attribute :null
2025-11-24T16:16:17.791+08:00  INFO 64056 --- [summary-ai-service] [  restartedMain] com.alibaba.nacos.client.naming          : FailoverDataSource type is class com.alibaba.nacos.client.naming.backups.datasource.DiskFailoverDataSource
2025-11-24T16:16:17.796+08:00  INFO 64056 --- [summary-ai-service] [  restartedMain] c.alibaba.nacos.client.utils.ParamUtil   : [settings] [req-serv] nacos-server port:8848
2025-11-24T16:16:17.796+08:00  INFO 64056 --- [summary-ai-service] [  restartedMain] c.alibaba.nacos.client.utils.ParamUtil   : [settings] [http-client] connect timeout:1000
2025-11-24T16:16:17.796+08:00  INFO 64056 --- [summary-ai-service] [  restartedMain] c.alibaba.nacos.client.utils.ParamUtil   : PER_TASK_CONFIG_SIZE: 3000.0
2025-11-24T16:16:17.797+08:00  INFO 64056 --- [summary-ai-service] [  restartedMain] c.a.n.p.a.s.c.ClientAuthPluginManager    : [ClientAuthPluginManager] Load ClientAuthService com.alibaba.nacos.client.auth.impl.NacosClientAuthServiceImpl success.
2025-11-24T16:16:17.797+08:00  INFO 64056 --- [summary-ai-service] [  restartedMain] c.a.n.p.a.s.c.ClientAuthPluginManager    : [ClientAuthPluginManager] Load ClientAuthService com.alibaba.nacos.client.auth.ram.RamClientAuthServiceImpl success.
2025-11-24T16:16:17.806+08:00  INFO 64056 --- [summary-ai-service] [      Thread-13] c.a.n.c.a.r.identify.CredentialWatcher   : null No credential found
2025-11-24T16:16:17.809+08:00  INFO 64056 --- [summary-ai-service] [  restartedMain] com.alibaba.nacos.common.remote.client   : [RpcClientFactory] create a new rpc client of 5214ebf5-0b8d-4c93-a8b8-e3aca6227af4
2025-11-24T16:16:17.815+08:00  INFO 64056 --- [summary-ai-service] [  restartedMain] com.alibaba.nacos.client.naming          : Create naming rpc client for uuid->5214ebf5-0b8d-4c93-a8b8-e3aca6227af4
2025-11-24T16:16:17.815+08:00  INFO 64056 --- [summary-ai-service] [  restartedMain] com.alibaba.nacos.common.remote.client   : [5214ebf5-0b8d-4c93-a8b8-e3aca6227af4] RpcClient init, ServerListFactory = com.alibaba.nacos.client.naming.core.ServerListManager
2025-11-24T16:16:17.815+08:00  INFO 64056 --- [summary-ai-service] [  restartedMain] com.alibaba.nacos.common.remote.client   : [5214ebf5-0b8d-4c93-a8b8-e3aca6227af4] Registry connection listener to current client:com.alibaba.nacos.client.naming.remote.gprc.redo.NamingGrpcRedoService
2025-11-24T16:16:17.815+08:00  INFO 64056 --- [summary-ai-service] [  restartedMain] com.alibaba.nacos.common.remote.client   : [5214ebf5-0b8d-4c93-a8b8-e3aca6227af4] Register server push request handler:com.alibaba.nacos.client.naming.remote.gprc.NamingPushRequestHandler
2025-11-24T16:16:17.816+08:00  INFO 64056 --- [summary-ai-service] [  restartedMain] com.alibaba.nacos.common.remote.client   : [5214ebf5-0b8d-4c93-a8b8-e3aca6227af4] Try to connect to server on start up, server: {serverIp = 'localhost', server main port = 8848}
2025-11-24T16:16:17.826+08:00  INFO 64056 --- [summary-ai-service] [  restartedMain] c.a.n.c.remote.client.grpc.GrpcClient    : grpc client connection server:localhost ip,serverPort:9848,grpcTslConfig:{"sslProvider":"","enableTls":false,"mutualAuthEnable":false,"trustAll":false}
2025-11-24T16:16:18.003+08:00  INFO 64056 --- [summary-ai-service] [  restartedMain] c.a.n.c.a.AbstractAbilityControlManager  : Ready to get current node abilities...
2025-11-24T16:16:18.004+08:00  INFO 64056 --- [summary-ai-service] [  restartedMain] c.a.n.c.a.AbstractAbilityControlManager  : Ready to initialize current node abilities, support modes: [SDK_CLIENT]
2025-11-24T16:16:18.004+08:00  INFO 64056 --- [summary-ai-service] [  restartedMain] c.a.n.c.a.AbstractAbilityControlManager  : Initialize current abilities finish...
2025-11-24T16:16:18.004+08:00  INFO 64056 --- [summary-ai-service] [  restartedMain] c.a.n.c.a.d.NacosAbilityManagerHolder    : [AbilityControlManager] Successfully initialize AbilityControlManager
2025-11-24T16:16:18.013+08:00  INFO 64056 --- [summary-ai-service] [  restartedMain] com.alibaba.nacos.common.remote.client   : [5214ebf5-0b8d-4c93-a8b8-e3aca6227af4] Success to connect to server [localhost:8848] on start up, connectionId = 1763972177973_127.0.0.1_63039
2025-11-24T16:16:18.013+08:00  INFO 64056 --- [summary-ai-service] [remote.worker.0] com.alibaba.nacos.common.remote.client   : [5214ebf5-0b8d-4c93-a8b8-e3aca6227af4] Notify connected event to listeners.
2025-11-24T16:16:18.013+08:00  INFO 64056 --- [summary-ai-service] [remote.worker.0] com.alibaba.nacos.client.naming          : Grpc connection connect
2025-11-24T16:16:18.013+08:00  INFO 64056 --- [summary-ai-service] [  restartedMain] com.alibaba.nacos.common.remote.client   : [5214ebf5-0b8d-4c93-a8b8-e3aca6227af4] Register server push request handler:com.alibaba.nacos.common.remote.client.RpcClient$ConnectResetRequestHandler
2025-11-24T16:16:18.013+08:00  INFO 64056 --- [summary-ai-service] [  restartedMain] com.alibaba.nacos.common.remote.client   : [5214ebf5-0b8d-4c93-a8b8-e3aca6227af4] Register server push request handler:com.alibaba.nacos.common.remote.client.RpcClient$$Lambda$1190/0x0000007001792940
2025-11-24T16:16:18.014+08:00  INFO 64056 --- [summary-ai-service] [  restartedMain] com.alibaba.nacos.client.naming          : [REGISTER-SERVICE] public registering service summary-ai-service with instance Instance{instanceId='null', ip='172.22.91.239', port=8204, weight=1.0, healthy=true, enabled=true, ephemeral=true, clusterName='', serviceName='null', metadata={preserved.heart.beat.timeout=15000, IPv6=[2001:da8:9000:a835:b41a:279:9317:b0d9], preserved.ip.delete.timeout=30000, preserved.register.source=SPRING_CLOUD, preserved.heart.beat.interval=5000}}
2025-11-24T16:16:18.029+08:00  INFO 64056 --- [summary-ai-service] [  restartedMain] com.neusoft.neu23.App                    : Started App in 1.483 seconds (process running for 1.642)
