[INFO] Scanning for projects...
[INFO] 
[INFO] ----------------< com.neusoft.neu23:symptom-ai-service >----------------
[INFO] Building symptom-ai-service 1.0-SNAPSHOT
[INFO]   from pom.xml
[INFO] --------------------------------[ jar ]---------------------------------
[INFO] 
[INFO] >>> spring-boot:3.3.5:run (default-cli) > test-compile @ symptom-ai-service >>>
[INFO] 
[INFO] --- resources:3.3.1:resources (default-resources) @ symptom-ai-service ---
[INFO] Copying 1 resource from src/main/resources to target/classes
[INFO] Copying 0 resource from src/main/resources to target/classes
[INFO] 
[INFO] --- compiler:3.11.0:compile (default-compile) @ symptom-ai-service ---
[INFO] Nothing to compile - all classes are up to date
[INFO] 
[INFO] --- resources:3.3.1:testResources (default-testResources) @ symptom-ai-service ---
[INFO] skip non existing resourceDirectory /Users/leon/Desktop/code/javaProject/StellarMed/symptom-ai-service/src/test/resources
[INFO] 
[INFO] --- compiler:3.11.0:testCompile (default-testCompile) @ symptom-ai-service ---
[INFO] Nothing to compile - all classes are up to date
[INFO] 
[INFO] <<< spring-boot:3.3.5:run (default-cli) < test-compile @ symptom-ai-service <<<
[INFO] 
[INFO] 
[INFO] --- spring-boot:3.3.5:run (default-cli) @ symptom-ai-service ---
[INFO] Attaching agents: []

  .   ____          _            __ _ _
 /\\ / ___'_ __ _ _(_)_ __  __ _ \ \ \ \
( ( )\___ | '_ | '_| | '_ \/ _` | \ \ \ \
 \\/  ___)| |_)| | | | | || (_| |  ) ) ) )
  '  |____| .__|_| |_|_| |_\__, | / / / /
 =========|_|==============|___/=/_/_/_/

 :: Spring Boot ::                (v3.3.5)

2025-11-24T16:16:02.507+08:00  INFO 63980 --- [symptom-ai-service] [  restartedMain] c.a.symptom.SymptomAiServiceApplication  : Starting SymptomAiServiceApplication using Java 17.0.17 with PID 63980 (/Users/leon/Desktop/code/javaProject/StellarMed/symptom-ai-service/target/classes started by leon in /Users/leon/Desktop/code/javaProject/StellarMed/symptom-ai-service)
2025-11-24T16:16:02.508+08:00 DEBUG 63980 --- [symptom-ai-service] [  restartedMain] c.a.symptom.SymptomAiServiceApplication  : Running with Spring Boot v3.3.5, Spring v6.1.14
2025-11-24T16:16:02.509+08:00  INFO 63980 --- [symptom-ai-service] [  restartedMain] c.a.symptom.SymptomAiServiceApplication  : No active profile set, falling back to 1 default profile: "default"
2025-11-24T16:16:02.525+08:00  INFO 63980 --- [symptom-ai-service] [  restartedMain] .e.DevToolsPropertyDefaultsPostProcessor : Devtools property defaults active! Set 'spring.devtools.add-properties' to 'false' to disable
2025-11-24T16:16:02.526+08:00  INFO 63980 --- [symptom-ai-service] [  restartedMain] .e.DevToolsPropertyDefaultsPostProcessor : For additional web related logging consider setting the 'logging.level.web' property to 'DEBUG'
2025-11-24T16:16:02.841+08:00  INFO 63980 --- [symptom-ai-service] [  restartedMain] o.s.cloud.context.scope.GenericScope     : BeanFactory id=74d7c27f-71fc-3bae-913b-24c56bb897a4
2025-11-24T16:16:02.983+08:00  INFO 63980 --- [symptom-ai-service] [  restartedMain] o.s.b.w.embedded.tomcat.TomcatWebServer  : Tomcat initialized with port 8201 (http)
2025-11-24T16:16:02.988+08:00  INFO 63980 --- [symptom-ai-service] [  restartedMain] o.apache.catalina.core.StandardService   : Starting service [Tomcat]
2025-11-24T16:16:02.988+08:00  INFO 63980 --- [symptom-ai-service] [  restartedMain] o.apache.catalina.core.StandardEngine    : Starting Servlet engine: [Apache Tomcat/10.1.31]
2025-11-24T16:16:03.004+08:00  INFO 63980 --- [symptom-ai-service] [  restartedMain] o.a.c.c.C.[Tomcat].[localhost].[/]       : Initializing Spring embedded WebApplicationContext
2025-11-24T16:16:03.004+08:00  INFO 63980 --- [symptom-ai-service] [  restartedMain] w.s.c.ServletWebServerApplicationContext : Root WebApplicationContext: initialization completed in 478 ms
Logging initialized using 'class org.apache.ibatis.logging.stdout.StdOutImpl' adapter.
Get /172.22.91.239 network interface 
Get network interface info: name:en0 (en0)
Initialization Sequence datacenterId:4 workerId:0
 _ _   |_  _ _|_. ___ _ |    _ 
| | |\/|_)(_| | |_\  |_)||_|_\ 
     /               |         
                        3.5.10 
Can not find table primary key in Class: "com.assist.common.entity.SymptomRecord".
2025-11-24T16:16:03.265+08:00  WARN 63980 --- [symptom-ai-service] [  restartedMain] c.b.m.core.injector.DefaultSqlInjector   : class com.assist.common.entity.SymptomRecord ,Not found @TableId annotation, Cannot use Mybatis-Plus 'xxById' Method.
2025-11-24T16:16:03.415+08:00  WARN 63980 --- [symptom-ai-service] [  restartedMain] o.s.b.d.a.OptionalLiveReloadServer       : Unable to start LiveReload server
2025-11-24T16:16:03.433+08:00  INFO 63980 --- [symptom-ai-service] [  restartedMain] o.s.b.w.embedded.tomcat.TomcatWebServer  : Tomcat started on port 8201 (http) with context path '/'
2025-11-24T16:16:03.437+08:00  INFO 63980 --- [symptom-ai-service] [  restartedMain] com.alibaba.nacos.client.naming          : initializer namespace from ans.namespace attribute : null
2025-11-24T16:16:03.437+08:00  INFO 63980 --- [symptom-ai-service] [  restartedMain] com.alibaba.nacos.client.naming          : initializer namespace from ALIBABA_ALIWARE_NAMESPACE attribute :null
2025-11-24T16:16:03.437+08:00  INFO 63980 --- [symptom-ai-service] [  restartedMain] com.alibaba.nacos.client.naming          : initializer namespace from namespace attribute :null
2025-11-24T16:16:03.443+08:00  INFO 63980 --- [symptom-ai-service] [  restartedMain] com.alibaba.nacos.client.naming          : FailoverDataSource type is class com.alibaba.nacos.client.naming.backups.datasource.DiskFailoverDataSource
2025-11-24T16:16:03.446+08:00  INFO 63980 --- [symptom-ai-service] [  restartedMain] c.alibaba.nacos.client.utils.ParamUtil   : [settings] [req-serv] nacos-server port:8848
2025-11-24T16:16:03.446+08:00  INFO 63980 --- [symptom-ai-service] [  restartedMain] c.alibaba.nacos.client.utils.ParamUtil   : [settings] [http-client] connect timeout:1000
2025-11-24T16:16:03.447+08:00  INFO 63980 --- [symptom-ai-service] [  restartedMain] c.alibaba.nacos.client.utils.ParamUtil   : PER_TASK_CONFIG_SIZE: 3000.0
2025-11-24T16:16:03.448+08:00  INFO 63980 --- [symptom-ai-service] [  restartedMain] c.a.n.p.a.s.c.ClientAuthPluginManager    : [ClientAuthPluginManager] Load ClientAuthService com.alibaba.nacos.client.auth.impl.NacosClientAuthServiceImpl success.
2025-11-24T16:16:03.448+08:00  INFO 63980 --- [symptom-ai-service] [  restartedMain] c.a.n.p.a.s.c.ClientAuthPluginManager    : [ClientAuthPluginManager] Load ClientAuthService com.alibaba.nacos.client.auth.ram.RamClientAuthServiceImpl success.
2025-11-24T16:16:03.451+08:00  INFO 63980 --- [symptom-ai-service] [      Thread-13] c.a.n.c.a.r.identify.CredentialWatcher   : null No credential found
2025-11-24T16:16:03.454+08:00  INFO 63980 --- [symptom-ai-service] [  restartedMain] com.alibaba.nacos.common.remote.client   : [RpcClientFactory] create a new rpc client of 12c7f629-8385-4eb4-b1b4-f1b641239d47
2025-11-24T16:16:03.460+08:00  INFO 63980 --- [symptom-ai-service] [  restartedMain] com.alibaba.nacos.client.naming          : Create naming rpc client for uuid->12c7f629-8385-4eb4-b1b4-f1b641239d47
2025-11-24T16:16:03.460+08:00  INFO 63980 --- [symptom-ai-service] [  restartedMain] com.alibaba.nacos.common.remote.client   : [12c7f629-8385-4eb4-b1b4-f1b641239d47] RpcClient init, ServerListFactory = com.alibaba.nacos.client.naming.core.ServerListManager
2025-11-24T16:16:03.460+08:00  INFO 63980 --- [symptom-ai-service] [  restartedMain] com.alibaba.nacos.common.remote.client   : [12c7f629-8385-4eb4-b1b4-f1b641239d47] Registry connection listener to current client:com.alibaba.nacos.client.naming.remote.gprc.redo.NamingGrpcRedoService
2025-11-24T16:16:03.460+08:00  INFO 63980 --- [symptom-ai-service] [  restartedMain] com.alibaba.nacos.common.remote.client   : [12c7f629-8385-4eb4-b1b4-f1b641239d47] Register server push request handler:com.alibaba.nacos.client.naming.remote.gprc.NamingPushRequestHandler
2025-11-24T16:16:03.461+08:00  INFO 63980 --- [symptom-ai-service] [  restartedMain] com.alibaba.nacos.common.remote.client   : [12c7f629-8385-4eb4-b1b4-f1b641239d47] Try to connect to server on start up, server: {serverIp = 'localhost', server main port = 8848}
2025-11-24T16:16:03.473+08:00  INFO 63980 --- [symptom-ai-service] [  restartedMain] c.a.n.c.remote.client.grpc.GrpcClient    : grpc client connection server:localhost ip,serverPort:9848,grpcTslConfig:{"sslProvider":"","enableTls":false,"mutualAuthEnable":false,"trustAll":false}
2025-11-24T16:16:03.632+08:00  INFO 63980 --- [symptom-ai-service] [  restartedMain] c.a.n.c.a.AbstractAbilityControlManager  : Ready to get current node abilities...
2025-11-24T16:16:03.632+08:00  INFO 63980 --- [symptom-ai-service] [  restartedMain] c.a.n.c.a.AbstractAbilityControlManager  : Ready to initialize current node abilities, support modes: [SDK_CLIENT]
2025-11-24T16:16:03.632+08:00  INFO 63980 --- [symptom-ai-service] [  restartedMain] c.a.n.c.a.AbstractAbilityControlManager  : Initialize current abilities finish...
2025-11-24T16:16:03.633+08:00  INFO 63980 --- [symptom-ai-service] [  restartedMain] c.a.n.c.a.d.NacosAbilityManagerHolder    : [AbilityControlManager] Successfully initialize AbilityControlManager
2025-11-24T16:16:03.641+08:00  INFO 63980 --- [symptom-ai-service] [  restartedMain] com.alibaba.nacos.common.remote.client   : [12c7f629-8385-4eb4-b1b4-f1b641239d47] Success to connect to server [localhost:8848] on start up, connectionId = 1763972163603_127.0.0.1_63003
2025-11-24T16:16:03.641+08:00  INFO 63980 --- [symptom-ai-service] [remote.worker.0] com.alibaba.nacos.common.remote.client   : [12c7f629-8385-4eb4-b1b4-f1b641239d47] Notify connected event to listeners.
2025-11-24T16:16:03.641+08:00  INFO 63980 --- [symptom-ai-service] [remote.worker.0] com.alibaba.nacos.client.naming          : Grpc connection connect
2025-11-24T16:16:03.641+08:00  INFO 63980 --- [symptom-ai-service] [  restartedMain] com.alibaba.nacos.common.remote.client   : [12c7f629-8385-4eb4-b1b4-f1b641239d47] Register server push request handler:com.alibaba.nacos.common.remote.client.RpcClient$ConnectResetRequestHandler
2025-11-24T16:16:03.642+08:00  INFO 63980 --- [symptom-ai-service] [  restartedMain] com.alibaba.nacos.common.remote.client   : [12c7f629-8385-4eb4-b1b4-f1b641239d47] Register server push request handler:com.alibaba.nacos.common.remote.client.RpcClient$$Lambda$1179/0x000000980178b698
2025-11-24T16:16:03.642+08:00  INFO 63980 --- [symptom-ai-service] [  restartedMain] com.alibaba.nacos.client.naming          : [REGISTER-SERVICE] public registering service symptom-ai-service with instance Instance{instanceId='null', ip='172.22.91.239', port=8201, weight=1.0, healthy=true, enabled=true, ephemeral=true, clusterName='', serviceName='null', metadata={IPv6=[2001:da8:9000:a835:b41a:279:9317:b0d9], preserved.register.source=SPRING_CLOUD}}
2025-11-24T16:16:03.650+08:00  INFO 63980 --- [symptom-ai-service] [  restartedMain] c.a.c.n.registry.NacosServiceRegistry    : nacos registry, DEFAULT_GROUP symptom-ai-service 172.22.91.239:8201 register finished
2025-11-24T16:16:03.657+08:00  INFO 63980 --- [symptom-ai-service] [  restartedMain] c.a.symptom.SymptomAiServiceApplication  : Started SymptomAiServiceApplication in 1.299 seconds (process running for 1.435)
